0.0 0.1 0.3 0.6 1.0 1.5 2.1 2.8 3.6 4.5
1.3 3.3 4.3 4.5 6.5
-3.0 -2.0
